------------------------------------------------------------
TimeQuest Timing Analyzer Summary
------------------------------------------------------------

Type  : Slow 1100mV 85C Model Setup 'CLOCK_50'
Slack : -5.917
TNS   : -118.278

Type  : Slow 1100mV 85C Model Setup 'twentyBitCounter:twentyCnt|tempCount[16]'
Slack : -5.401
TNS   : -39.318

Type  : Slow 1100mV 85C Model Hold 'CLOCK_50'
Slack : 0.150
TNS   : 0.000

Type  : Slow 1100mV 85C Model Hold 'twentyBitCounter:twentyCnt|tempCount[16]'
Slack : 0.590
TNS   : 0.000

Type  : Slow 1100mV 85C Model Minimum Pulse Width 'CLOCK_50'
Slack : -0.394
TNS   : -10.380

Type  : Slow 1100mV 85C Model Minimum Pulse Width 'twentyBitCounter:twentyCnt|tempCount[16]'
Slack : -0.394
TNS   : -9.303

Type  : Slow 1100mV 0C Model Setup 'CLOCK_50'
Slack : -5.651
TNS   : -112.960

Type  : Slow 1100mV 0C Model Setup 'twentyBitCounter:twentyCnt|tempCount[16]'
Slack : -5.435
TNS   : -40.459

Type  : Slow 1100mV 0C Model Hold 'CLOCK_50'
Slack : -0.107
TNS   : -0.107

Type  : Slow 1100mV 0C Model Hold 'twentyBitCounter:twentyCnt|tempCount[16]'
Slack : 0.615
TNS   : 0.000

Type  : Slow 1100mV 0C Model Minimum Pulse Width 'CLOCK_50'
Slack : -0.394
TNS   : -11.248

Type  : Slow 1100mV 0C Model Minimum Pulse Width 'twentyBitCounter:twentyCnt|tempCount[16]'
Slack : -0.394
TNS   : -9.175

Type  : Fast 1100mV 85C Model Setup 'CLOCK_50'
Slack : -3.602
TNS   : -72.026

Type  : Fast 1100mV 85C Model Setup 'twentyBitCounter:twentyCnt|tempCount[16]'
Slack : -2.847
TNS   : -19.381

Type  : Fast 1100mV 85C Model Hold 'CLOCK_50'
Slack : 0.200
TNS   : 0.000

Type  : Fast 1100mV 85C Model Hold 'twentyBitCounter:twentyCnt|tempCount[16]'
Slack : 0.339
TNS   : 0.000

Type  : Fast 1100mV 85C Model Minimum Pulse Width 'CLOCK_50'
Slack : -0.088
TNS   : -1.746

Type  : Fast 1100mV 85C Model Minimum Pulse Width 'twentyBitCounter:twentyCnt|tempCount[16]'
Slack : 0.014
TNS   : 0.000

Type  : Fast 1100mV 0C Model Setup 'CLOCK_50'
Slack : -3.085
TNS   : -61.688

Type  : Fast 1100mV 0C Model Setup 'twentyBitCounter:twentyCnt|tempCount[16]'
Slack : -2.652
TNS   : -18.183

Type  : Fast 1100mV 0C Model Hold 'CLOCK_50'
Slack : 0.166
TNS   : 0.000

Type  : Fast 1100mV 0C Model Hold 'twentyBitCounter:twentyCnt|tempCount[16]'
Slack : 0.297
TNS   : 0.000

Type  : Fast 1100mV 0C Model Minimum Pulse Width 'CLOCK_50'
Slack : -0.089
TNS   : -1.756

Type  : Fast 1100mV 0C Model Minimum Pulse Width 'twentyBitCounter:twentyCnt|tempCount[16]'
Slack : 0.043
TNS   : 0.000

------------------------------------------------------------
